<?xml version="1.0" encoding="UTF-8"?>
<SXLEMAP name="CT100" version="1.2">

<TABLE name="CLItemDecodeTranslatedText">
   <TABLE-PATH syntax="XPath">/LIBRARY/CLItemDecodeTranslatedText</TABLE-PATH>
   <TABLE-DESCRIPTION>Codelist value language-specific text</TABLE-DESCRIPTION>

   <COLUMN name="TranslatedText">
     <PATH syntax="Xpath">/LIBRARY/CLItemDecodeTranslatedText/TranslatedText</PATH>
     <TYPE>character</TYPE>
     <DATATYPE>character</DATATYPE>
     <DESCRIPTION>Human-readable text appropriate for a particular language</DESCRIPTION>
     <LENGTH>2000</LENGTH>
   </COLUMN>
   <COLUMN name="lang">
     <PATH syntax="Xpath">/LIBRARY/CLItemDecodeTranslatedText/lang</PATH>
     <TYPE>character</TYPE>
     <DATATYPE>character</DATATYPE>
     <DESCRIPTION>Natural language or country-specific language variant</DESCRIPTION>
     <LENGTH>17</LENGTH>
   </COLUMN>
   <COLUMN name="FK_CodeListItems">
     <PATH syntax="Xpath">/LIBRARY/CLItemDecodeTranslatedText/FK_CodeListItems</PATH>
     <TYPE>character</TYPE>
     <DATATYPE>character</DATATYPE>
     <DESCRIPTION>Foreign key: CodeListItems.OID</DESCRIPTION>
     <LENGTH>128</LENGTH>
   </COLUMN>

</TABLE>


<TABLE name="CodeListAliases">
   <TABLE-PATH syntax="XPath">/LIBRARY/CodeListAliases</TABLE-PATH>
   <TABLE-DESCRIPTION>Alias information for item</TABLE-DESCRIPTION>

   <COLUMN name="Context">
     <PATH syntax="Xpath">/LIBRARY/CodeListAliases/Context</PATH>
     <TYPE>character</TYPE>
     <DATATYPE>character</DATATYPE>
     <DESCRIPTION>Application domain in which alias is relevant</DESCRIPTION>
     <LENGTH>2000</LENGTH>
   </COLUMN>
   <COLUMN name="Name">
     <PATH syntax="Xpath">/LIBRARY/CodeListAliases/Name</PATH>
     <TYPE>character</TYPE>
     <DATATYPE>character</DATATYPE>
     <DESCRIPTION>Additional name for the CodeListItem</DESCRIPTION>
     <LENGTH>2000</LENGTH>
   </COLUMN>
   <COLUMN name="FK_CodeLists">
     <PATH syntax="Xpath">/LIBRARY/CodeListAliases/FK_CodeLists</PATH>
     <TYPE>character</TYPE>
     <DATATYPE>character</DATATYPE>
     <DESCRIPTION>Foreign key: CodeLists.OID</DESCRIPTION>
     <LENGTH>128</LENGTH>
   </COLUMN>

</TABLE>


<TABLE name="CodeListItemAliases">
   <TABLE-PATH syntax="XPath">/LIBRARY/CodeListItemAliases</TABLE-PATH>
   <TABLE-DESCRIPTION>Alias information for item</TABLE-DESCRIPTION>

   <COLUMN name="Context">
     <PATH syntax="Xpath">/LIBRARY/CodeListItemAliases/Context</PATH>
     <TYPE>character</TYPE>
     <DATATYPE>character</DATATYPE>
     <DESCRIPTION>Application domain in which alias is relevant</DESCRIPTION>
     <LENGTH>2000</LENGTH>
   </COLUMN>
   <COLUMN name="Name">
     <PATH syntax="Xpath">/LIBRARY/CodeListItemAliases/Name</PATH>
     <TYPE>character</TYPE>
     <DATATYPE>character</DATATYPE>
     <DESCRIPTION>Additional name for the CodeListItem</DESCRIPTION>
     <LENGTH>2000</LENGTH>
   </COLUMN>
   <COLUMN name="FK_CodeListItems">
     <PATH syntax="Xpath">/LIBRARY/CodeListItemAliases/FK_CodeListItems</PATH>
     <TYPE>character</TYPE>
     <DATATYPE>character</DATATYPE>
     <DESCRIPTION>Foreign key: CodeListItems.OID</DESCRIPTION>
     <LENGTH>128</LENGTH>
   </COLUMN>

</TABLE>


<TABLE name="CodeListItems">
   <TABLE-PATH syntax="XPath">/LIBRARY/CodeListItems</TABLE-PATH>
   <TABLE-DESCRIPTION>Coded codelist values</TABLE-DESCRIPTION>

   <COLUMN name="OID">
     <PATH syntax="Xpath">/LIBRARY/CodeListItems/OID</PATH>
     <TYPE>character</TYPE>
     <DATATYPE>character</DATATYPE>
     <DESCRIPTION>Unique identifier for this codelist item</DESCRIPTION>
     <LENGTH>128</LENGTH>
   </COLUMN>
   <COLUMN name="CodedValue">
     <PATH syntax="Xpath">/LIBRARY/CodeListItems/CodedValue</PATH>
     <TYPE>character</TYPE>
     <DATATYPE>character</DATATYPE>
     <DESCRIPTION>Value of the codelist item</DESCRIPTION>
     <LENGTH>512</LENGTH>
   </COLUMN>
   <COLUMN name="Rank">
     <PATH syntax="Xpath">/LIBRARY/CodeListItems/Rank</PATH>
     <TYPE>numeric</TYPE>
     <DATATYPE>numeric</DATATYPE>
     <DESCRIPTION>CodedValue order relative to other coded item values</DESCRIPTION>
     <LENGTH>8</LENGTH>
   </COLUMN>
   <COLUMN name="OrderNumber">
     <PATH syntax="Xpath">/LIBRARY/CodeListItems/OrderNumber</PATH>
     <TYPE>numeric</TYPE>
     <DATATYPE>numeric</DATATYPE>
     <DESCRIPTION>Display order of the item within the CodeList</DESCRIPTION>
     <LENGTH>8</LENGTH>
   </COLUMN>
   <COLUMN name="ExtCodeID">
     <PATH syntax="Xpath">/LIBRARY/CodeListItems/ExtCodeID</PATH>
     <TYPE>character</TYPE>
     <DATATYPE>character</DATATYPE>
     <DESCRIPTION>Unique numeric code randomly generated by NCI Thesaurus (NCIt)</DESCRIPTION>
     <LENGTH>64</LENGTH>
   </COLUMN>
   <COLUMN name="CDISCDefinition">
     <PATH syntax="Xpath">/LIBRARY/CodeListItems/CDISCDefinition</PATH>
     <TYPE>character</TYPE>
     <DATATYPE>character</DATATYPE>
     <DESCRIPTION>CDISC definition for a particular term</DESCRIPTION>
     <LENGTH>2000</LENGTH>
   </COLUMN>
   <COLUMN name="PreferredTerm">
     <PATH syntax="Xpath">/LIBRARY/CodeListItems/PreferredTerm</PATH>
     <TYPE>character</TYPE>
     <DATATYPE>character</DATATYPE>
     <DESCRIPTION>NCI preferred name for a term as identified in NCIt</DESCRIPTION>
     <LENGTH>2000</LENGTH>
   </COLUMN>
   <COLUMN name="FK_CodeLists">
     <PATH syntax="Xpath">/LIBRARY/CodeListItems/FK_CodeLists</PATH>
     <TYPE>character</TYPE>
     <DATATYPE>character</DATATYPE>
     <DESCRIPTION>Foreign key: CodeLists.OID</DESCRIPTION>
     <LENGTH>128</LENGTH>
   </COLUMN>

</TABLE>


<TABLE name="CodeListItemSynonym">
   <TABLE-PATH syntax="XPath">/LIBRARY/CodeListItemSynonym</TABLE-PATH>
   <TABLE-DESCRIPTION>Synonym information for item</TABLE-DESCRIPTION>

   <COLUMN name="CDISCSynonym">
     <PATH syntax="Xpath">/LIBRARY/CodeListItemSynonym/CDISCSynonym</PATH>
     <TYPE>character</TYPE>
     <DATATYPE>character</DATATYPE>
     <DESCRIPTION>Applicable synonym for a CDISC Preferred Term</DESCRIPTION>
     <LENGTH>2000</LENGTH>
   </COLUMN>
   <COLUMN name="FK_CodeListItems">
     <PATH syntax="Xpath">/LIBRARY/CodeListItemSynonym/FK_CodeListItems</PATH>
     <TYPE>character</TYPE>
     <DATATYPE>character</DATATYPE>
     <DESCRIPTION>Foreign key: CodeListItems.OID</DESCRIPTION>
     <LENGTH>128</LENGTH>
   </COLUMN>

</TABLE>


<TABLE name="CodeLists">
   <TABLE-PATH syntax="XPath">/LIBRARY/CodeLists</TABLE-PATH>
   <TABLE-DESCRIPTION>Codelist metadata</TABLE-DESCRIPTION>

   <COLUMN name="OID">
     <PATH syntax="Xpath">/LIBRARY/CodeLists/OID</PATH>
     <TYPE>character</TYPE>
     <DATATYPE>character</DATATYPE>
     <DESCRIPTION>Unique identifier for this codelist</DESCRIPTION>
     <LENGTH>128</LENGTH>
   </COLUMN>
   <COLUMN name="Name">
     <PATH syntax="Xpath">/LIBRARY/CodeLists/Name</PATH>
     <TYPE>character</TYPE>
     <DATATYPE>character</DATATYPE>
     <DESCRIPTION>CodeList name</DESCRIPTION>
     <LENGTH>128</LENGTH>
   </COLUMN>
   <COLUMN name="DataType">
     <PATH syntax="Xpath">/LIBRARY/CodeLists/DataType</PATH>
     <TYPE>character</TYPE>
     <DATATYPE>character</DATATYPE>
     <DESCRIPTION>CodeList item value data type (integer | float | text | string)</DESCRIPTION>
     <LENGTH>7</LENGTH>
   </COLUMN>
   <COLUMN name="SASFormatName">
     <PATH syntax="Xpath">/LIBRARY/CodeLists/SASFormatName</PATH>
     <TYPE>character</TYPE>
     <DATATYPE>character</DATATYPE>
     <DESCRIPTION>SAS format name</DESCRIPTION>
     <LENGTH>8</LENGTH>
   </COLUMN>
   <COLUMN name="ExtCodeID">
     <PATH syntax="Xpath">/LIBRARY/CodeLists/ExtCodeID</PATH>
     <TYPE>character</TYPE>
     <DATATYPE>character</DATATYPE>
     <DESCRIPTION>Unique numeric code randomly generated by NCI Thesaurus (NCIt)</DESCRIPTION>
     <LENGTH>64</LENGTH>
   </COLUMN>
   <COLUMN name="CodeListExtensible">
     <PATH syntax="Xpath">/LIBRARY/CodeLists/CodeListExtensible</PATH>
     <TYPE>character</TYPE>
     <DATATYPE>character</DATATYPE>
     <DESCRIPTION>Defines if controlled terms may be added to the codelist (Yes | No)</DESCRIPTION>
     <LENGTH>3</LENGTH>
   </COLUMN>
   <COLUMN name="CDISCSubmissionValue">
     <PATH syntax="Xpath">/LIBRARY/CodeLists/CDISCSubmissionValue</PATH>
     <TYPE>character</TYPE>
     <DATATYPE>character</DATATYPE>
     <DESCRIPTION>Specific value expected for submissions</DESCRIPTION>
     <LENGTH>512</LENGTH>
   </COLUMN>
   <COLUMN name="PreferredTerm">
     <PATH syntax="Xpath">/LIBRARY/CodeLists/PreferredTerm</PATH>
     <TYPE>character</TYPE>
     <DATATYPE>character</DATATYPE>
     <DESCRIPTION>NCI preferred name for a codelist as identified in NCIt</DESCRIPTION>
     <LENGTH>2000</LENGTH>
   </COLUMN>
   <COLUMN name="FK_MetaDataVersion">
     <PATH syntax="Xpath">/LIBRARY/CodeLists/FK_MetaDataVersion</PATH>
     <TYPE>character</TYPE>
     <DATATYPE>character</DATATYPE>
     <DESCRIPTION>Foreign key: MetaDataVersion.OID</DESCRIPTION>
     <LENGTH>128</LENGTH>
   </COLUMN>

</TABLE>


<TABLE name="CodeListSynonym">
   <TABLE-PATH syntax="XPath">/LIBRARY/CodeListSynonym</TABLE-PATH>
   <TABLE-DESCRIPTION>Synonym information for codelist</TABLE-DESCRIPTION>

   <COLUMN name="CDISCSynonym">
     <PATH syntax="Xpath">/LIBRARY/CodeListSynonym/CDISCSynonym</PATH>
     <TYPE>character</TYPE>
     <DATATYPE>character</DATATYPE>
     <DESCRIPTION>Applicable synonym for a CDISC Preferred Term</DESCRIPTION>
     <LENGTH>2000</LENGTH>
   </COLUMN>
   <COLUMN name="FK_CodeLists">
     <PATH syntax="Xpath">/LIBRARY/CodeListSynonym/FK_CodeLists</PATH>
     <TYPE>character</TYPE>
     <DATATYPE>character</DATATYPE>
     <DESCRIPTION>Foreign key: CodeLists.OID</DESCRIPTION>
     <LENGTH>128</LENGTH>
   </COLUMN>

</TABLE>


<TABLE name="CodeListTranslatedText">
   <TABLE-PATH syntax="XPath">/LIBRARY/CodeListTranslatedText</TABLE-PATH>
   <TABLE-DESCRIPTION>CodeList language-specific text</TABLE-DESCRIPTION>

   <COLUMN name="TranslatedText">
     <PATH syntax="Xpath">/LIBRARY/CodeListTranslatedText/TranslatedText</PATH>
     <TYPE>character</TYPE>
     <DATATYPE>character</DATATYPE>
     <DESCRIPTION>Human-readable text appropriate for a particular language</DESCRIPTION>
     <LENGTH>2000</LENGTH>
   </COLUMN>
   <COLUMN name="lang">
     <PATH syntax="Xpath">/LIBRARY/CodeListTranslatedText/lang</PATH>
     <TYPE>character</TYPE>
     <DATATYPE>character</DATATYPE>
     <DESCRIPTION>Natural language or country-specific language variant</DESCRIPTION>
     <LENGTH>17</LENGTH>
   </COLUMN>
   <COLUMN name="FK_CodeLists">
     <PATH syntax="Xpath">/LIBRARY/CodeListTranslatedText/FK_CodeLists</PATH>
     <TYPE>character</TYPE>
     <DATATYPE>character</DATATYPE>
     <DESCRIPTION>Foreign key: CodeLists.OID</DESCRIPTION>
     <LENGTH>128</LENGTH>
   </COLUMN>

</TABLE>


<TABLE name="EnumeratedItemAliases">
   <TABLE-PATH syntax="XPath">/LIBRARY/EnumeratedItemAliases</TABLE-PATH>
   <TABLE-DESCRIPTION>Alias information for item</TABLE-DESCRIPTION>

   <COLUMN name="Context">
     <PATH syntax="Xpath">/LIBRARY/EnumeratedItemAliases/Context</PATH>
     <TYPE>character</TYPE>
     <DATATYPE>character</DATATYPE>
     <DESCRIPTION>Application domain in which alias is relevant</DESCRIPTION>
     <LENGTH>2000</LENGTH>
   </COLUMN>
   <COLUMN name="Name">
     <PATH syntax="Xpath">/LIBRARY/EnumeratedItemAliases/Name</PATH>
     <TYPE>character</TYPE>
     <DATATYPE>character</DATATYPE>
     <DESCRIPTION>Additional name for the EnumeratedItem</DESCRIPTION>
     <LENGTH>2000</LENGTH>
   </COLUMN>
   <COLUMN name="FK_EnumeratedItems">
     <PATH syntax="Xpath">/LIBRARY/EnumeratedItemAliases/FK_EnumeratedItems</PATH>
     <TYPE>character</TYPE>
     <DATATYPE>character</DATATYPE>
     <DESCRIPTION>Foreign key: EnumeratedItems.OID</DESCRIPTION>
     <LENGTH>128</LENGTH>
   </COLUMN>

</TABLE>


<TABLE name="EnumeratedItems">
   <TABLE-PATH syntax="XPath">/LIBRARY/EnumeratedItems</TABLE-PATH>
   <TABLE-DESCRIPTION>Enumerated codelist items</TABLE-DESCRIPTION>

   <COLUMN name="OID">
     <PATH syntax="Xpath">/LIBRARY/EnumeratedItems/OID</PATH>
     <TYPE>character</TYPE>
     <DATATYPE>character</DATATYPE>
     <DESCRIPTION>Unique identifier for this enumerated item</DESCRIPTION>
     <LENGTH>128</LENGTH>
   </COLUMN>
   <COLUMN name="CodedValue">
     <PATH syntax="Xpath">/LIBRARY/EnumeratedItems/CodedValue</PATH>
     <TYPE>character</TYPE>
     <DATATYPE>character</DATATYPE>
     <DESCRIPTION>Text of the enumerated item</DESCRIPTION>
     <LENGTH>512</LENGTH>
   </COLUMN>
   <COLUMN name="Rank">
     <PATH syntax="Xpath">/LIBRARY/EnumeratedItems/Rank</PATH>
     <TYPE>numeric</TYPE>
     <DATATYPE>numeric</DATATYPE>
     <DESCRIPTION>CodedValue order relative to other enumerated item values</DESCRIPTION>
     <LENGTH>8</LENGTH>
   </COLUMN>
   <COLUMN name="OrderNumber">
     <PATH syntax="Xpath">/LIBRARY/EnumeratedItems/OrderNumber</PATH>
     <TYPE>numeric</TYPE>
     <DATATYPE>numeric</DATATYPE>
     <DESCRIPTION>Display order of the item within the CodeList</DESCRIPTION>
     <LENGTH>8</LENGTH>
   </COLUMN>
   <COLUMN name="ExtCodeID">
     <PATH syntax="Xpath">/LIBRARY/EnumeratedItems/ExtCodeID</PATH>
     <TYPE>character</TYPE>
     <DATATYPE>character</DATATYPE>
     <DESCRIPTION>Unique numeric code randomly generated by NCI Thesaurus (NCIt)</DESCRIPTION>
     <LENGTH>64</LENGTH>
   </COLUMN>
   <COLUMN name="CDISCDefinition">
     <PATH syntax="Xpath">/LIBRARY/EnumeratedItems/CDISCDefinition</PATH>
     <TYPE>character</TYPE>
     <DATATYPE>character</DATATYPE>
     <DESCRIPTION>CDISC definition for a particular term</DESCRIPTION>
     <LENGTH>2000</LENGTH>
   </COLUMN>
   <COLUMN name="PreferredTerm">
     <PATH syntax="Xpath">/LIBRARY/EnumeratedItems/PreferredTerm</PATH>
     <TYPE>character</TYPE>
     <DATATYPE>character</DATATYPE>
     <DESCRIPTION>NCI preferred name for a term as identified in NCIt</DESCRIPTION>
     <LENGTH>2000</LENGTH>
   </COLUMN>
   <COLUMN name="FK_CodeLists">
     <PATH syntax="Xpath">/LIBRARY/EnumeratedItems/FK_CodeLists</PATH>
     <TYPE>character</TYPE>
     <DATATYPE>character</DATATYPE>
     <DESCRIPTION>Foreign key: CodeLists.OID</DESCRIPTION>
     <LENGTH>128</LENGTH>
   </COLUMN>

</TABLE>


<TABLE name="EnumeratedItemSynonym">
   <TABLE-PATH syntax="XPath">/LIBRARY/EnumeratedItemSynonym</TABLE-PATH>
   <TABLE-DESCRIPTION>Synonym information for item</TABLE-DESCRIPTION>

   <COLUMN name="CDISCSynonym">
     <PATH syntax="Xpath">/LIBRARY/EnumeratedItemSynonym/CDISCSynonym</PATH>
     <TYPE>character</TYPE>
     <DATATYPE>character</DATATYPE>
     <DESCRIPTION>Applicable synonym for a CDISC Preferred Term</DESCRIPTION>
     <LENGTH>2000</LENGTH>
   </COLUMN>
   <COLUMN name="FK_EnumeratedItems">
     <PATH syntax="Xpath">/LIBRARY/EnumeratedItemSynonym/FK_EnumeratedItems</PATH>
     <TYPE>character</TYPE>
     <DATATYPE>character</DATATYPE>
     <DESCRIPTION>Foreign key: EnumeratedItems.OID</DESCRIPTION>
     <LENGTH>128</LENGTH>
   </COLUMN>

</TABLE>


<TABLE name="ExternalCodeLists">
   <TABLE-PATH syntax="XPath">/LIBRARY/ExternalCodeLists</TABLE-PATH>
   <TABLE-DESCRIPTION>External codelist metadata</TABLE-DESCRIPTION>

   <COLUMN name="Dictionary">
     <PATH syntax="Xpath">/LIBRARY/ExternalCodeLists/Dictionary</PATH>
     <TYPE>character</TYPE>
     <DATATYPE>character</DATATYPE>
     <DESCRIPTION>Name of the external codelist</DESCRIPTION>
     <LENGTH>2000</LENGTH>
   </COLUMN>
   <COLUMN name="Version">
     <PATH syntax="Xpath">/LIBRARY/ExternalCodeLists/Version</PATH>
     <TYPE>character</TYPE>
     <DATATYPE>character</DATATYPE>
     <DESCRIPTION>Version designator of the external codelist</DESCRIPTION>
     <LENGTH>2000</LENGTH>
   </COLUMN>
   <COLUMN name="ref">
     <PATH syntax="Xpath">/LIBRARY/ExternalCodeLists/ref</PATH>
     <TYPE>character</TYPE>
     <DATATYPE>character</DATATYPE>
     <DESCRIPTION>Reference to a local instance of the dictionary</DESCRIPTION>
     <LENGTH>2000</LENGTH>
   </COLUMN>
   <COLUMN name="href">
     <PATH syntax="Xpath">/LIBRARY/ExternalCodeLists/href</PATH>
     <TYPE>character</TYPE>
     <DATATYPE>character</DATATYPE>
     <DESCRIPTION>URL of an external instance of the dictionary</DESCRIPTION>
     <LENGTH>2000</LENGTH>
   </COLUMN>
   <COLUMN name="FK_CodeLists">
     <PATH syntax="Xpath">/LIBRARY/ExternalCodeLists/FK_CodeLists</PATH>
     <TYPE>character</TYPE>
     <DATATYPE>character</DATATYPE>
     <DESCRIPTION>Foreign key: CodeLists.OID</DESCRIPTION>
     <LENGTH>128</LENGTH>
   </COLUMN>

</TABLE>


<TABLE name="MetaDataVersion">
   <TABLE-PATH syntax="XPath">/LIBRARY/MetaDataVersion</TABLE-PATH>
   <TABLE-DESCRIPTION>Metadata version information</TABLE-DESCRIPTION>

   <COLUMN name="OID">
     <PATH syntax="Xpath">/LIBRARY/MetaDataVersion/OID</PATH>
     <TYPE>character</TYPE>
     <DATATYPE>character</DATATYPE>
     <DESCRIPTION>Unique identifier for this metadata version</DESCRIPTION>
     <LENGTH>128</LENGTH>
   </COLUMN>
   <COLUMN name="Name">
     <PATH syntax="Xpath">/LIBRARY/MetaDataVersion/Name</PATH>
     <TYPE>character</TYPE>
     <DATATYPE>character</DATATYPE>
     <DESCRIPTION>Name of this metadata version</DESCRIPTION>
     <LENGTH>128</LENGTH>
   </COLUMN>
   <COLUMN name="Description">
     <PATH syntax="Xpath">/LIBRARY/MetaDataVersion/Description</PATH>
     <TYPE>character</TYPE>
     <DATATYPE>character</DATATYPE>
     <DESCRIPTION>Description of this metadata version</DESCRIPTION>
     <LENGTH>2000</LENGTH>
   </COLUMN>
   <COLUMN name="IncludedOID">
     <PATH syntax="Xpath">/LIBRARY/MetaDataVersion/IncludedOID</PATH>
     <TYPE>character</TYPE>
     <DATATYPE>character</DATATYPE>
     <DESCRIPTION>Reference to a prior metadata version</DESCRIPTION>
     <LENGTH>128</LENGTH>
   </COLUMN>
   <COLUMN name="IncludedStudyOID">
     <PATH syntax="Xpath">/LIBRARY/MetaDataVersion/IncludedStudyOID</PATH>
     <TYPE>character</TYPE>
     <DATATYPE>character</DATATYPE>
     <DESCRIPTION>Reference to the study that provides a prior metadata version</DESCRIPTION>
     <LENGTH>128</LENGTH>
   </COLUMN>
   <COLUMN name="FK_Study">
     <PATH syntax="Xpath">/LIBRARY/MetaDataVersion/FK_Study</PATH>
     <TYPE>character</TYPE>
     <DATATYPE>character</DATATYPE>
     <DESCRIPTION>Foreign key: Study.OID</DESCRIPTION>
     <LENGTH>128</LENGTH>
   </COLUMN>

</TABLE>


<TABLE name="ODM">
   <TABLE-PATH syntax="XPath">/LIBRARY/ODM</TABLE-PATH>
   <TABLE-DESCRIPTION>ODM file information</TABLE-DESCRIPTION>

   <COLUMN name="FileOID">
     <PATH syntax="Xpath">/LIBRARY/ODM/FileOID</PATH>
     <TYPE>character</TYPE>
     <DATATYPE>character</DATATYPE>
     <DESCRIPTION>Unique identifier for this file</DESCRIPTION>
     <LENGTH>128</LENGTH>
   </COLUMN>
   <COLUMN name="Archival">
     <PATH syntax="Xpath">/LIBRARY/ODM/Archival</PATH>
     <TYPE>character</TYPE>
     <DATATYPE>character</DATATYPE>
     <DESCRIPTION>File meets requirements of an electronic record</DESCRIPTION>
     <LENGTH>3</LENGTH>
   </COLUMN>
   <COLUMN name="AsOfDateTime">
     <PATH syntax="Xpath">/LIBRARY/ODM/AsOfDateTime</PATH>
     <TYPE>character</TYPE>
     <DATATYPE>character</DATATYPE>
     <DESCRIPTION>Datetime source database queried to create this document</DESCRIPTION>
     <LENGTH>32</LENGTH>
   </COLUMN>
   <COLUMN name="CreationDateTime">
     <PATH syntax="Xpath">/LIBRARY/ODM/CreationDateTime</PATH>
     <TYPE>character</TYPE>
     <DATATYPE>character</DATATYPE>
     <DESCRIPTION>Datetime file created</DESCRIPTION>
     <LENGTH>32</LENGTH>
   </COLUMN>
   <COLUMN name="Description">
     <PATH syntax="Xpath">/LIBRARY/ODM/Description</PATH>
     <TYPE>character</TYPE>
     <DATATYPE>character</DATATYPE>
     <DESCRIPTION>File description</DESCRIPTION>
     <LENGTH>2000</LENGTH>
   </COLUMN>
   <COLUMN name="FileType">
     <PATH syntax="Xpath">/LIBRARY/ODM/FileType</PATH>
     <TYPE>character</TYPE>
     <DATATYPE>character</DATATYPE>
     <DESCRIPTION>File type (Snapshot | Transactional)</DESCRIPTION>
     <LENGTH>13</LENGTH>
   </COLUMN>
   <COLUMN name="Granularity">
     <PATH syntax="Xpath">/LIBRARY/ODM/Granularity</PATH>
     <TYPE>character</TYPE>
     <DATATYPE>character</DATATYPE>
     <DESCRIPTION>Breadth of  information contained in file</DESCRIPTION>
     <LENGTH>15</LENGTH>
   </COLUMN>
   <COLUMN name="Id">
     <PATH syntax="Xpath">/LIBRARY/ODM/Id</PATH>
     <TYPE>character</TYPE>
     <DATATYPE>character</DATATYPE>
     <DESCRIPTION>Reference ID used by the ds:Signature element</DESCRIPTION>
     <LENGTH>128</LENGTH>
   </COLUMN>
   <COLUMN name="ODMVersion">
     <PATH syntax="Xpath">/LIBRARY/ODM/ODMVersion</PATH>
     <TYPE>character</TYPE>
     <DATATYPE>character</DATATYPE>
     <DESCRIPTION>Version of the ODM standard used</DESCRIPTION>
     <LENGTH>2000</LENGTH>
   </COLUMN>
   <COLUMN name="Originator">
     <PATH syntax="Xpath">/LIBRARY/ODM/Originator</PATH>
     <TYPE>character</TYPE>
     <DATATYPE>character</DATATYPE>
     <DESCRIPTION>Organization that generated the ODM file</DESCRIPTION>
     <LENGTH>2000</LENGTH>
   </COLUMN>
   <COLUMN name="PriorFileOID">
     <PATH syntax="Xpath">/LIBRARY/ODM/PriorFileOID</PATH>
     <TYPE>character</TYPE>
     <DATATYPE>character</DATATYPE>
     <DESCRIPTION>Reference to the previous file (if any) in a series</DESCRIPTION>
     <LENGTH>128</LENGTH>
   </COLUMN>
   <COLUMN name="SourceSystem">
     <PATH syntax="Xpath">/LIBRARY/ODM/SourceSystem</PATH>
     <TYPE>character</TYPE>
     <DATATYPE>character</DATATYPE>
     <DESCRIPTION>The source system or database for this file</DESCRIPTION>
     <LENGTH>2000</LENGTH>
   </COLUMN>
   <COLUMN name="SourceSystemVersion">
     <PATH syntax="Xpath">/LIBRARY/ODM/SourceSystemVersion</PATH>
     <TYPE>character</TYPE>
     <DATATYPE>character</DATATYPE>
     <DESCRIPTION>Version of the SourceSystem</DESCRIPTION>
     <LENGTH>2000</LENGTH>
   </COLUMN>
   <COLUMN name="Context">
     <PATH syntax="Xpath">/LIBRARY/ODM/Context</PATH>
     <TYPE>character</TYPE>
     <DATATYPE>character</DATATYPE>
     <DESCRIPTION>Context in which the Controlled Terminology document is used (Submission, Other)</DESCRIPTION>
     <LENGTH>10</LENGTH>
   </COLUMN>
   <COLUMN name="ControlledTerminologyVersion">
     <PATH syntax="Xpath">/LIBRARY/ODM/ControlledTerminologyVersion</PATH>
     <TYPE>character</TYPE>
     <DATATYPE>character</DATATYPE>
     <DESCRIPTION>The version of the CT-XML standard</DESCRIPTION>
     <LENGTH>2000</LENGTH>
   </COLUMN>

</TABLE>


<TABLE name="Study">
   <TABLE-PATH syntax="XPath">/LIBRARY/Study</TABLE-PATH>
   <TABLE-DESCRIPTION>Study description</TABLE-DESCRIPTION>

   <COLUMN name="OID">
     <PATH syntax="Xpath">/LIBRARY/Study/OID</PATH>
     <TYPE>character</TYPE>
     <DATATYPE>character</DATATYPE>
     <DESCRIPTION>Unique identifier for this study</DESCRIPTION>
     <LENGTH>128</LENGTH>
   </COLUMN>
   <COLUMN name="StudyName">
     <PATH syntax="Xpath">/LIBRARY/Study/StudyName</PATH>
     <TYPE>character</TYPE>
     <DATATYPE>character</DATATYPE>
     <DESCRIPTION>Short external name for the study</DESCRIPTION>
     <LENGTH>128</LENGTH>
   </COLUMN>
   <COLUMN name="StudyDescription">
     <PATH syntax="Xpath">/LIBRARY/Study/StudyDescription</PATH>
     <TYPE>character</TYPE>
     <DATATYPE>character</DATATYPE>
     <DESCRIPTION>Description of the study</DESCRIPTION>
     <LENGTH>2000</LENGTH>
   </COLUMN>
   <COLUMN name="ProtocolName">
     <PATH syntax="Xpath">/LIBRARY/Study/ProtocolName</PATH>
     <TYPE>character</TYPE>
     <DATATYPE>character</DATATYPE>
     <DESCRIPTION>Sponsors internal name for the protocol</DESCRIPTION>
     <LENGTH>128</LENGTH>
   </COLUMN>
   <COLUMN name="FK_ODM">
     <PATH syntax="Xpath">/LIBRARY/Study/FK_ODM</PATH>
     <TYPE>character</TYPE>
     <DATATYPE>character</DATATYPE>
     <DESCRIPTION>Foreign key: ODM.FileOID</DESCRIPTION>
     <LENGTH>128</LENGTH>
   </COLUMN>

</TABLE>


</SXLEMAP>
